ets Jun  8 2016 00:22:57

rst:0x1 (POWERON_RESET),boot:0x13 (SPI_FAST_FLASH_BOOT)
configsip: 0, SPIWP:0xee
clk_drv:0x00,q_drv:0x00,d_drv:0x00,cs0_drv:0x00,hd_drv:0x00,wp_drv:0x00
mode:DIO, clock div:2
load:0x3fff0030,len:7172
load:0x40078000,len:15532
load:0x40080400,len:4
load:0x40080404,len:3904
entry 0x40080640
[0;32mI (29) boot: ESP-IDF v5.2 2nd stage bootloader[0m
[0;32mI (29) boot: compile time Jan 23 2025 03:09:07[0m
[0;32mI (29) boot: Multicore bootloader[0m
[0;32mI (33) boot: chip revision: v1.1[0m
[0;32mI (37) boot.esp32: SPI Speed      : 40MHz[0m
[0;32mI (42) boot.esp32: SPI Mode       : DIO[0m
[0;32mI (46) boot.esp32: SPI Flash Size : 2MB[0m
[0;32mI (51) boot: Enabling RNG early entropy source...[0m
[0;32mI (56) boot: Partition Table:[0m
[0;32mI (60) boot: ## Label            Usage          Type ST Offset   Length[0m
[0;32mI (67) boot:  0 nvs              WiFi data        01 02 00009000 00006000[0m
[0;32mI (74) boot:  1 phy_init         RF data          01 01 0000f000 00001000[0m
[0;32mI (82) boot:  2 factory          factory app      00 00 00010000 00100000[0m
[0;32mI (89) boot: End of partition table[0m
[0;32mI (94) esp_image: segment 0: paddr=00010020 vaddr=3f400020 size=235d4h (144852) map[0m
[0;32mI (152) esp_image: segment 1: paddr=000335fc vaddr=3ffb0000 size=03bech ( 15340) load[0m
[0;32mI (158) esp_image: segment 2: paddr=000371f0 vaddr=40080000 size=08e28h ( 36392) load[0m
[0;32mI (172) esp_image: segment 3: paddr=00040020 vaddr=400d0020 size=852c0h (545472) map[0m
[0;32mI (359) esp_image: segment 4: paddr=000c52e8 vaddr=40088e28 size=0e790h ( 59280) load[0m
[0;32mI (394) boot: Loaded app from partition at offset 0x10000[0m
[0;32mI (394) boot: Disabling RNG early entropy source...[0m
[0;32mI (406) cpu_start: Multicore app[0m
[0;32mI (415) cpu_start: Pro cpu start user code[0m
[0;32mI (415) cpu_start: cpu freq: 160000000 Hz[0m
[0;32mI (415) cpu_start: Application information:[0m
[0;32mI (418) cpu_start: Project name:     test[0m
[0;32mI (423) cpu_start: App version:      1[0m
[0;32mI (427) cpu_start: Compile time:     Jan 23 2025 03:09:00[0m
[0;32mI (433) cpu_start: ELF file SHA256:  5d7a4132e...[0m
[0;32mI (438) cpu_start: ESP-IDF:          v5.2[0m
[0;32mI (443) cpu_start: Min chip rev:     v0.0[0m
[0;32mI (448) cpu_start: Max chip9 [0m
[0;32mI (453) cpu_start: Chip rev:         v1.1[0m
[0;32mI (458) heap_init: Initializing. RAM available for dynamic allocation:[0m
[0;32mI (465) heap_init: At 3FFAE6E0 len 00001920 (6 KiB): DRAM[0m
[0;32mI (471) heap_init: At 3FFB7D00 len 00028300 (160 KiB): DRAM[0m
[0;32mI (477) heap_init: At 3FFE0440 len 00003AE0 (14 KiB): D/IRAM[0m
[0;32mI (483) heap_init: At 3FFE4350 len 0001BCB0 (111 KiB): D/IRAM[0m
[0;32mI (490) heap_init: At 400975B8 len 00008A48 (34 KiB): IRAM[0m
[0;32mI (497) spi_flash: detected chip: generic[0m
[0;32mI (500) spi_flash: flash io: dio[0m
[0;33mW (504) spi_flash: Detected size(4096k) larger than the size in the binary image header(2048k). Using the size in the binary image header.[0m
[0;32mI (519) main_task: Started on CPU0[0m
[0;32mI (529) main_task: Calling app_main()[0m
[0;32mI (569) wifi:wifi driver task: 3ffbfc78, prio:23, stack:6656, core=0[0m
[0;32mI (579) wifi:wifi firmware version: cc1dd81[0m
[0;32mI (579) wifi:wifi certification version: v7.0[0m
[0;32mI (589) wifi:config NVS flash: enabled[0m
[0;32mI (589) wifi:config nano formating: disabled[0m
[0;32mI (589) wifi:Init data frame dynamic rx buffer num: 32[0m
[0;32mI (589) wifi:Init static rx mgmt buffer num: 5[0m
[0;32mI (599) wifi:Init management short buffer num: 32[0m
[0;32mI (599) wifi:Init dynamic tx buffer num: 32[0m
[0;32mI (609) wifi:Init static rx buffer size: 1600[0m
[0;32mI (609) wifi:Init static rx buffer num: 10[0m
[0;32mI (609) wifi:Init dynamic rx buffer num: 32[0m
[0;32mI (619) wifi_init: rx ba win: 6[0m
[0;32mI (619) wifi_init: tcpip mbox: 32[0m
[0;32mI (629) wifi_init: udp mbox: 6[0m
[0;32mI (629) wifi_init: tcp mbox: 6[0m
[0;32mI (629) wifi_init: tcp tx win: 5760[0m
[0;32mI (639) wifi_init: tcp rx win: 5760[0m
[0;32mI (639) wifi_init: tcp mss: 1440[0m
[0;32mI (649) wifi_init: WiFi IRAM OP enabled[0m
[0;32mI (649) wifi_init: WiFi RX IRAM OP enabled[0m
[0;32mI (659) phy_init: phy_version 4791,2c4672b,Dec 20 2023,16:06:06[0m
[0;32mI (739) wifi:mode : sta (f8:b3:b7:7f:23:38)[0m
[0;32mI (739) wifi:enable tsf[0m
[0;32mI (739) TCP_SERVER: Connecting to Wifi...[0m
[1;31mE (739) wifi:sta is connecting, return error[0m
[0;32mI (749) wifi:new:<1,0>, old:<1,0>, ap:<255,255>, sta:<1,0>, prof:1[0m
[0;32mI (749) wifi:state: init -> auth (b0)[0m
[0;32mI (809) wifi:state: auth -> init (1c0)[0m
[0;32mI (809) wifi:new:<1,0>, old:<1,0>, ap:<255,255>, sta:<1,0>, prof:1[0m
[0;32mI (1749) TCP_SERVER: Connected to WiFi[0m
[0;32mI (1749) TCP_SERVER: IP Address: 0.0.0.0[0m
[0;32mI (1749) TCP_SERVER: TCP server started, listening on port 80[0m
[0;32mI (21349) uart_Test: Received 9 bytes: [0m
[0;32mI (21449) uart_Test: Received 10 bytes: [0m
[0;32mI (21549) uart_Test: Received 4 bytes: [0m
[0;32mI (21649) uart_Test: Received 5 bytes: [0m
[0;32mI (21749) uart_Test: Received 5 bytes: [0m
[0;32mI (21849) uart_Test: Received 4 bytes: [0m
[0;32mI (21949) uart_Test: Received 4 bytes: [0m
[0;32mI (39649) uart_Test: Received 5 bytes: [0m
[0;32mI (39749) uart_Test: Received 17 bytes: [0m
[0;32mI (39849) uart_Test: Received 17 bytes: (39ï¿½ï¿½7 [0m
[0;32mI (40049) uart_Test: Received 19 bytes: [0m
[0;32mI (40149) uart_Test: Received 14 bytes: ï¿½ï¿½kï¿½[0m
[0;32mI (40249) uart_Test: Received 12 bytes: [0m
[0;32mI (40349) uart_Test: Received 8 bytes: [0m
[0;32mI (40449) uart_Test: Received 9 bytes: [0m
[0;32mI (40549) uart_Test: Received 9 bytes: [0m
[0;32mI (40649) uart_Test: Received 9 bytes: [0m
[0;32mI (40749) uart_Test: Received 7 bytes: [0m
[0;32mI (40849) uart_Test: Received 8 bytes: [0m
[0;32mI (40949) uart_Test: Received 9 bytes: [0m
[0;32mI (41049) uart_Test: Received 8 bytes: [0m
[0;32mI (41149) uart_Test: Received 7 bytes: [0m
[0;32mI (41249) uart_Test: Received 9 bytes: [0m
[0;32mI (41349) uart_Test: Received 9 bytes: [0m
[0;32mI (41549) uart_Test: Received 5 bytes: 'byï¿½
[0;32mI (41649) uart_Test: Received 2 bytes: [0m
[0;32mI (41749) uart_Test: Received 9 bytes: [0m
[0;32mI (41849) uart_Test: Received 12 bytes: [0m
[0;32mI (41949) uart_Test: Received 12 bytes: [0m
[0;32mI (43849) uart_Test: Received 31 bytes: [0m
[0;32mI (43949) uart_Test: Received 13 bytes: [0m
[0;32mI (48949) uart_Test: Received 12 bytes: [0m
[0;32mI (49049) uart_Test: Received 21 bytes: [0m
[0;32mI (50149) uart_Test: Received 1 bytes: [0m
[0;32mI (51149) uart_Test: Received 2 bytes: [0m
[0;32mI (51249) uart_Test: Received 10 bytes: [0m
[0;32mI (51349) uart_Test: Received 10 bytes: [0m
[0;32mI (51449) uart_Test: Received 9 bytes: [0m
[0;32mI (51549) uart_Test: Received 10 bytes: [0m
[0;32mI (51649) uart_Test: Received 12 bytes: [0m
[0;32mI (51749) uart_Test: Received 7 bytes: [0m
[0;32mI (51849) uart_Test: Received 5 bytes: [0m
[0;32mI (51949) uart_Test: Received 6 bytes: [0m
[0;32mI (52049) uart_Test: Received 5 bytes: [0m
[0;32mI (52149) uart_Test: Received 5 bytes: [0m
[0;32mI (52249) uart_Test: Received 5 bytes: [0m
[0;32mI (52349) uart_Test: Received 6 bytes: [0m
[0;32mI (52649) uart_Test: Received 7 bytes: [0m
[0;32mI (52749) uart_Test: Received 21 bytes: [0m
[0;32mI (52849) uart_Test: Received 15 bytes: [0m
[0;32mI (54449) uart_Test: Received 14 bytes: [0m
[0;32mI (54549) uart_Test: Received 1 bytes: [0m
[0;32mI (54849) uart_Test: Received 7 bytes: [0m
[0;32mI (54949) uart_Test: Received 22 bytes: [0m
[0;32mI (55049) uart_Test: Received 7 bytes: 0m
[0m
ets Jun  8 2016 00:22:57

rst:0x1 (POWERON_RESET),boot:0x13 (SPI_FAST_FLASH_BOOT)
configsip: 0, SPIWP:0xee
clk_drv:0x00,q_drv:0x00,d_drv:0x00,cs0_drv:0x00,hd_drv:0x00,wp_drv:0x00
mode:DIO, clock div:2
load:0x3fff0030,len:7172
load:0x40078000,len:15532
load:0x40080400,len:4
load:0x40080404,len:3904
entry 0x40080640
[0;32mI (29) boot: ESP-IDF v5.2 2nd stage bootloader[0m
[0;32mI (29) boot: compile time Jan 23 2025 03:09:07[0m
[0;32mI (29) boot: Multicore bootloader[0m
[0;32mI (33) boot: chip revision: v1.1[0m
[0;32mI (37) boot.esp32: SPI Speed      : 40MHz[0m
[0;32mI (42) boot.esp32: SPI Mode       : DIO[0m
[0;32mI (46) boot.esp32: SPI Flash Size : 2MB[0m
[0;32mI (51) boot: Enabling RNG early entropy source...[0m
[0;32mI (56) boot: Partition Table:[0m
[0;32mI (60) boot: ## Label            Usage          Type ST Offset   Length[0m
[0;32mI (67) boot:  0 nvs              WiFi data        01 02 00009000 00006000[0m
[0;32mI (74) boot:  1 phy_init         RF data          01 01 0000f000 00001000[0m
[0;32mI (82) boot:  2 factory          factory app      00 00 00010000 00100000[0m
[0;32mI (89) boot: End of partition table[0m
[0;32mI (94) esp_image: segment 0: paddr=00010020 vaddr=3f400020 size=235d4h (144852) map[0m
[0;32mI (152) esp_image: segment 1: paddr=000335fc vaddr=3ffb0000 size=03bech ( 15340) load[0m
[0;32mI (158) esp_image: segment 2: paddr=000371f0 vaddr=40080000 size=08e28h ( 36392) load[0m
[0;32mI (172) esp_image: segment 3: paddr=00040020 vaddr=400d0020 size=852c0h (545472) map[0m
[0;32mI (359) esp_image: segment 4: paddr=000c52e8 vaddr=40088e28 size=0e790h ( 59280) load[0m
[0;32mI (394) boot: Loaded app from partition at offset 0x10000[0m
[0;32mI (395) boot: Disabling RNG early entropy source...[0m
[0;32mI (406) cpu_start: Multicore app[0m
[0;32mI (415) cpu_start: Pro cpu start user code[0m
[0;32mI (415) cpu_start: cpu freq: 160000000 Hz[0m
[0;32mI (415) cpu_start: Application information:[0m
[0;32mI (418) cpu_start: Project name:     test[0m
[0;32mI (423) cpu_start: App version:      1[0m
[0;32mI (427) cpu_start: Compile time:     Jan 23 2025 03:09:00[0m
[0;32mI (433) cpu_start: ELF file SHA256:  5d7a4132e...[0m
[0;32mI (438) cpu_start: ESP-IDF:          v5.2[0m
[0;32mI (443) cpu_start: Min chip rev:     v0.0[0m
[0;32mI (448) cpu_start: Max chip rev:     v3.99 [0m
[0;32mI (453) cpu_start: Chip rev:         v1.1[0m
[0;32mI (458) heap_init: Initializing. RAM available for dynamic allocation:[0m
[0;32mI (465) heap_init: At 3FFAE6E0 len 00001920 (6 KiB): DRAM[0m
[0;32mI (471) heap_init: At 3FFB7D00 len 00028300 (160 KiB): DRAM[0m
[0;32mI (477) heap_init: At 3FFE0440 len 00003AE0 (14 KiB): D/IRAM[0m
[0;32mI (483) heap_init: At 3FFE4350 len 0001BCB0 (111 KiB): D/IRAM[0m
[0;32mI (490) heap_init: At 400975B8 len 00008A48 (34 KiB): IRAM[0m
[0;32mI (497) spi_flash: detected chip: generic[0m
[0;32mI (501) spi_flash: flash io: dio[0m
[0;33mW (504) spi_flash: Detected size(4096k) larger than the size in the binary image header(2048k). Using the size in the binary image header.[0m
[0;32mI (519) main_task: Started on CPU0[0m
[0;32mI (529) main_task: Calling app_main()[0m
[0;32mI (569) wifi:wifi driver task: 3ffbfc78, prio:23, stack:6656, core=0[0m
[0;32mI (579) wifi:wifi firmware version: cc1dd81[0m
[0;32mI (579) wifi:wifi certification version: v7.0[0m
[0;32mI (589) wifi:config NVS flash: enabled[0m
[0;32mI (589) wifi:config nano formating: disabled[0m
[0;32mI (589) wifi:Init data frame dynamic rx buffer num: 32[0m
[0;32mI (589) wifi:Init static rx mgmt buffer num: 5[0m
[0;32mI (599) wifi:Init management short buffer num: 32[0m
[0;32mI (599) wifi:Init dynamic tx buffer num: 32[0m
[0;32mI (609) wifi:Init static rx buffer size: 1600[0m
[0;32mI (609) wifi:Init static rx buffer num: 10[0m
[0;32mI (609) wifi:Init dynamic rx buffer num: 32[0m
[0;32mI (619) wifi_init: rx ba win: 6[0m
[0;32mI (619) wifi_init: tcpip mbox: 32[0m
[0;32mI (629) wifi_init: udp mbox: 6[0m
[0;32mI (629) wifi_init: tcp mbox: 6[0m
[0;32mI (629) wifi_init: tcp tx win: 5760[0m
[0;32mI (639) wifi_init: tcp rx win: 5760[0m
[0;32mI (639) wifi_init: tcp mss: 1440[0m
[0;32mI (649) wifi_init: WiFi IRAM OP enabled[0m
[0;32mI (649) wifi_init: WiFi RX IRAM OP enabled[0m
[0;32mI (659) phy_init: phy_version 4791,2c4672b,Dec 20 2023,16:06:06[0m
[0;32mI (739) wifi:mode : sta (f8:b3:b7:7f:23:38)[0m
[0;32mI (739) wifi:enable tsf[0m
[0;32mI (739) TCP_SERVER: Connecting to Wifi...[0m
[1;31mE (749) wifi:sta is connecting, return error[0m
[0;32mI (759) wifi:new:<1,0>, old:<1,0>, ap:<255,255>, sta:<1,0>, prof:1[0m
[0;32mI (759) wifi:state: init -> auth (b0)[0m
[0;32mI (819) wifi:state: auth -> assoc (0)[0m
[0;32mI (879) wifi:state: assoc -> run (10)[0m
[0;32mI (919) wifi:connected with white, aid = 2, channel 1, BW20, bssid = 72:71:15:07:c7:f4[0m
[0;32mI (919) wifi:security: WPA2-PSK, phy: bgn, rssi: -58[0m
[0;32mI (919) wifi:pm start, type: 1[0m

[0;32mI (919) wifi:dp: 1, bi: 102400, li: 3, scale listen interval from 307200 us to 307200 us[0m
[0;32mI (939) wifi:dp: 2, bi: 102400, li: 4, scale listen interval from 307200 us to 409600 us[0m
[0;32mI (939) wifi:AP's beacon interval = 102400 us, DTIM period = 2[0m
[0;32mI (959) wifi:<ba-add>idx:0 (ifx:0, 72:71:15:07:c7:f4), tid:0, ssn:0, winSize:64[0m
[0;32mI (1749) TCP_SERVER: Connected to WiFi[0m
[0;32mI (1749) TCP_SERVER: IP Address: 0.0.0.0[0m
[0;32mI (1749) TCP_SERVER: TCP server started, listening on port 80[0m
[0;32mI (1849) uart_Test: Received 40 bytes: ï¿½ï¿½mÍ®ï¿½oï¿½ï¿½&ï¿½+
B[0m
[0;32mI (1929) esp_netif_handlers: sta ip: 192.168.114.60, mask: 255.255.255.0, gw: 192.168.114.189[0m
[0;32mI (1949) uart_Test: Received 8 bytes: Oï¿½ï¿½[0m
[0m
[0;32mI (2049) uart_Test: Received 17 bytes: [0m
[0;32mI (5049) uart_Test: Received 68 bytes: [0m
[0;32mI (5149) uart_Test: Received 11 bytes: <[0m
[0;32mI (7149) uart_Test: Received 6 bytes: |ï¿½
[0;32mI (7249) uart_Test: Received 3 bytes: [0m
[0;32mI (7349) uart_Test: Received 8 bytes: [0m
[0;32mI (7449) uart_Test: Received 9 bytes: [0m
[0;32mI (7549) uart_Test: Received 6 bytes: [0m
[0;32mI (7649) uart_Test: Received 8 bytes: [0m
[0;32mI (7749) uart_Test: Received 6 bytes: [0m
[0;32mI (7849) uart_Test: Received 10 bytes: [0m
[0;32mI (7949) uart_Test: Received 7 bytes: [0m
[0;32mI (8049) uart_Test: Received 14 bytes: [0m
[0;32mI (8149) uart_Test: Received 9 bytes: [0m
[0;32mI (8249) uart_Test: Received 9 bytes: [0m
[0;32mI (8349) uart_Test: Received 13 bytes: [0m
[0;32mI (8449) uart_Test: Received 13 bytes: [0m
[0;32mI (8549) uart_Test: Received 13 bytes: [0m
[0;32mI (8649) uart_Test: Received 17 bytes: [0m
[0;32mI (8749) uart_Test: Received 17 bytes: [0m
[0;32mI (8849) uart_Test: Received 21 bytes: [0m
[0;32mI (8949) uart_Test: Received 19 bytes: [0m
[0;32mI (9049) uart_Test: Received 17 bytes: [0m
[0;32mI (9149) uart_Test: Received 11 bytes: [0m
[0;32mI (9249) uart_Test: Received 12 bytes: [0m
[0;32mI (9349) uart_Test: Received 11 bytes: [0m
[0;32mI (9449) uart_Test: Received 10 bytes: [0m
[0;32mI (9549) uart_Test: Received 11 bytes: [0m
[0;32mI (9649) uart_Test: Received 8 bytes: [0m
[0;32mI (9749) uart_Test: Received 11 bytes: [0m
[0;32mI (9849) uart_Test: Received 12 bytes: [0m
[0;32mI (9949) uart_Test: Received 16 bytes: [0m
[0;32mI (10049) uart_Test: Received 11 bytes: [0m
[0;32mI (10149) uart_Test: Received 11 bytes: [0m
[0;32mI (10249) uart_Test: Received 9 bytes: [0m
[0;32mI (10349) uart_Test: Received 10 bytes: [0m
[0;32mI (10449) uart_Test: Received 11 bytes: [0m
[0;32mI (10549) uart_Test: Received 12 bytes: [0m
[0;32mI (10649) uart_Test: Received 13 bytes: [0m
[0;32mI (10749) uart_Test: Received 11 bytes: [0m
[0;32mI (10849) uart_Test: Received 25 bytes: [0m
[0;32mI (10949) uart_Test: Received 20 bytes: [0m
[0;32mI (11049) uart_Test: Received 23 bytes: [0m
[0;32mI (11149) uart_Test: Received 22 bytes: [0m
[0;32mI (11249) uart_Test: Received 24 bytes: [0m
[0;32mI (11349) uart_Test: Received 18 bytes: ï¿½Qï¿½Ë•ï¿½ï¿½24[0m
[0;32mI (11449) uart_Test: Received 15 bytes: [0m
[0;32mI (11549) uart_Test: Received 16 bytes: [0m
[0;32mI (11649) uart_Test: Received 13 bytes: [0m
[0;32mI (11749) uart_Test: Received 18 bytes: [0m
[0;32mI (11849) uart_Test: Received 22 bytes: [0m
[0;32mI (11949) uart_Test: Received 21 bytes: [0m
[0;32mI (12049) uart_Test: Received 23 bytes: ï¿½Uï¿½ï¿½ï¿½ Receivedï¿½
[0;32mI (12149) uart_Test: Received 21 bytes: [0m
[0;32mI (12249) uart_Test: Received 22 bytes: [0m
[0;32mI (12349) uart_Test: Received 15 bytes: [0m
[0;32mI (13749) uart_Test: Received 47 bytes: [0m
[0;32mI (17449) uart_Test: Received 30 bytes: ï¿½EUï¿½[0m
[0;32mI (17549) uart_Test: Received 17 bytes: [0m
[0;32mI (17649) uart_Test: Received 16 bytes: [0m
[0;32mI (17749) uart_Test: Received 19 bytes: [0m
[0;32mI (17849) uart_Test: Received 18 bytes: [0m
[0;32mI (17949) uart_Test: Received 24 bytes: [0m
[0;32mI (18049) uart_Test: Received 10 bytes: [0m
[0;32mI (18549) uart_Test: Received 56 bytes: [0m
[0;32mI (18649) uart_Test: Received 19 bytes: [0m
[0;32mI (18749) uart_Test: Received 18 bytes: [0m
[0;32mI (18849) uart_Test: Received 16 bytes: [0m
[0;32mI (18949) uart_Test: Received 18 bytes: [0m
[0;32mI (25949) uart_Test: Received 23 bytes: [0m
[0;32mI (26049) uart_Test: Received 9 bytes: [0m
[0;32mI (26149) uart_Test: Received 8 bytes: [0m
[0;32mI (26249) uart_Test: Received 8 bytes: ï¿½
[0;32mI (26349) uart_Test: Received 3 bytes: Q[0m
[0;32mI (26749) uart_Test: Received 10 bytes: [0m
[0;32mI (26849) uart_Test: Received 10 bytes: ï¿½
[0;32mI (26949) uart_Test: Received 9 bytes: Iï¿½
[0;32mI (32149) uart_Test: Received 19 bytes: [0m
[0;32mI (32249) uart_Test: Received 11 bytes: [0m
[0;32mI (32349) uart_Test: Received 10 bytes: S[0m
[0;32mI (32449) uart_Test: Received 12 bytes: ï¿½
[0;32mI (32549) uart_Test: Received 11 bytes: [0m
[0;32mI (32649) uart_Test: Received 10 bytes: [0m
[0;32mI (32749) uart_Test: Received 12 bytes: +[0m
[0;32mI (32849) uart_Test: Received 14 bytes: [0m
[0;32mI (32949) uart_Test: Received 14 bytes: [0m
[0;32mI (33049) uart_Test: Received 14 bytes: [0m
[0;32mI (33149) uart_Test: Received 7 bytes: [0m
[0;32mI (33349) uart_Test: Received 34 bytes: [0m
[0;32mI (33449) uart_Test: Received 12 bytes: ï¿½[0m
ets Jun  8 2016 00:22:57

rst:0x1 (POWERON_RESET),boot:0x13 (SPI_FAST_FLASH_BOOT)
configsip: 0, SPIWP:0xee
clk_drv:0x00,q_drv:0x00,d_drv:0x00,cs0_drv:0x00,hd_drv:0x00,wp_drv:0x00
mode:DIO, clock div:2
load:0x3fff0030,len:7172
load:0x40078000,len:15532
load:0x40080400,len:4
load:0x40080404,len:3904
entry 0x40080640
[0;32mI (29) boot: ESP-IDF v5.2 2nd stage bootloader[0m
[0;32mI (29) boot: compile time Jan 23 2025 03:09:07[0m
[0;32mI (29) boot: Multicore bootloader[0m
[0;32mI (33) boot: chip revision: v1.1[0m
[0;32mI (37) boot.esp32: SPI Speed      : 40MHz[0m
[0;32mI (41) boot.esp32: SPI Mode       : DIO[0m
[0;32mI (46) boot.esp32: SPI Flash Size : 2MB[0m
[0;32mI (50) boot: Enabling RNG early entropy source...[0m
[0;32mI (56) boot: Partition Table:[0m
[0;32mI (59) boot: ## Label            Usage          Type ST Offset   Length[0m
[0;32mI (67) boot:  0 nvs              WiFi data        01 02 00009000 00006000[0m
[0;32mI (74) boot:  1 phy_init         RF data          01 01 0000f000 00001000[0m
[0;32mI (82) boot:  2 factory          factory app      00 00 00010000 00100000[0m
[0;32mI (89) boot: End of partition table[0m
[0;32mI (93) esp_image: segment 0: paddr=00010020 vaddr=3f400020 size=235d4h (144852) map[0m
[0;32mI (151) esp_image: segment 1: paddr=000335fc vaddr=3ffb0000 size=03bech ( 15340) load[0m
[0;32mI (157) esp_image: segment 2: paddr=000371f0 vaddr=40080000 size=08e28h ( 36392) load[0m
[0;32mI (172) esp_image: segment 3: paddr=00040020 vaddr=400d0020 size=852c0h (545472) map[0m
[0;32mI (359) esp_image: segment 4: paddr=000c52e8 vaddr=40088e28 size=0e790h ( 59280) load[0m
[0;32mI (394) boot: Loaded app from partition at offset 0x10000[0m
[0;32mI (394) boot: Disabling RNG early entropy source...[0m
[0;32mI (406) cpu_start: Multicore app[0m
[0;32mI (414) cpu_start: Pro cpu start user code[0m
[0;32mI (414) cpu_start: cpu freq: 160000000 Hz[0m
[0;32mI (415) cpu_start: Application information:[0m
[0;32mI (418) cpu_start: Project name:     test[0m
[0;32mI (422) cpu_start: App version:      1[0m
[0;32mI (427) cpu_start: Compile time:     Jan 23 2025 03:09:00[0m
[0;32mI (433) cpu_start: ELF file SHA256:  5d7a4132e...[0m
[0;32mI (438) cpu_start: ESP-IDF:          v5.2[0m
[0;32mI (443) cpu_start: Min chip rev:     v0.0[0m
[0;32mI (447) cpu_start: Max chip rev:     v3.99 [0m
[0;32mI (452) cpu_start: Chip rev:         v1.1[0m
[0;32mI (457) heap_init: Initializing. RAM available for dynamic allocation:[0m
[0;32mI (464) heap_init: At 3FFAE6E0 len 00001920 (6 KiB): DRAM[0m
[0;32mI (470) heap_init: At 3FFB7D00 len 00028300 (160 KiB): DRAM[0m
[0;32mI (477) heap_init: At 3FFE0440 len 00003AE0 (14 KiB): D/IRAM[0m
[0;32mI (483) heap_init: At 3FFE4350 len 0001BCB0 (111 KiB): D/IRAM[0m
[0;32mI (489) heap_init: At 400975B8 len 00008A48 (34 KiB): IRAM[0m
[0;32mI (497) spi_flash: detected chip: generic[0m
[0;32mI (500) spi_flash: flash io: dio[0m
[0;33mW (504) spi_flash: Detected size(4096k) larger than the size in the binary image header(2048k). Using the size in the binary image header.[0m
[0;32mI (518) main_task: Started on CPU0[0m
[0;32mI (528) main_task: Calling app_main()[0m
[0;32mI (568) wifi:wifi driver task: 3ffbfc78, prio:23, stack:6656, core=0[0m
[0;32mI (578) wifi:wifi firmware version: cc1dd81[0m
[0;32mI (578) wifi:wifi certification version: v7.0[0m
[0;32mI (588) wifi:config NVS flash: enabled[0m
[0;32mI (588) wifi:config nano formating: disabled[0m
[0;32mI (588) wifi:Init data frame dynamic rx buffer num: 32[0m
[0;32mI (588) wifi:Init static rx mgmt buffer num: 5[0m
[0;32mI (598) wifi:Init management short buffer num: 32[0m
[0;32mI (598) wifi:Init dynamic tx buffer num: 32[0m
[0;32mI (608) wifi:Init static rx buffer size: 1600[0m
[0;32mI (608) wifi:Init static rx buffer num: 10[0m
[0;32mI (608) wifi:Init dynamic rx buffer num: 32[0m
[0;32mI (618) wifi_init: rx ba win: 6[0m
[0;32mI (618) wifi_init: tcpip mbox: 32[0m
[0;32mI (628) wifi_init: udp mbox: 6[0m
[0;32mI (628) wifi_init: tcp mbox: 6[0m
[0;32mI (628) wifi_init: tcp tx win: 5760[0m
[0;32mI (638) wifi_init: tcp rx win: 5760[0m
[0;32mI (638) wifi_init: tcp mss: 1440[0m
[0;32mI (648) wifi_init: WiFi IRAM OP enabled[0m
[0;32mI (648) wifi_init: WiFi RX IRAM OP enabled[0m
[0;32mI (658) phy_init: phy_version 4791,2c4672b,Dec 20 2023,16:06:06[0m
[0;32mI (738) wifi:mode : sta (f8:b3:b7:7f:23:38)[0m
[0;32mI (738) wifi:enable tsf[0m
[0;32mI (738) TCP_SERVER: Connecting to Wifi...[0m
[1;31mE (748) wifi:sta is connecting, return error[0m
[0;32mI (758) wifi:new:<1,0>, old:<1,0>, ap:<255,255>, sta:<1,0>, prof:1[0m
[0;32mI (758) wifi:state: init -> auth (b0)[0m
[0;32mI (828) wifi:state: auth -> init (1c0)[0m
[0;32mI (828) wifi:new:<1,0>, old:<1,0>, ap:<255,255>, sta:<1,0>, prof:1[0m
[0;32mI (1748) TCP_SERVER: Connected to WiFi[0m
[0;32mI (1748) TCP_SERVER: IP Address: 0.0.0.0[0m
[0;32mI (1748) TCP_SERVER: TCP server started, listening on port 80[0m
[0;32mI (7448) uart_Test: Received 2 bytes: [0m
[0;32mI (7548) uart_Test: Received 11 bytes: [0m
[0;32mI (7748) uart_Test: Received 19 bytes: ï¿½
[0;32mI (7848) uart_Test: Received 5 bytes: [0m
[0;32mI (7948) uart_Test: Received 5 bytes: [0m
[0;32mI (8048) uart_Test: Received 5 bytes: [0m
[0;32mI (8148) uart_Test: Received 6 bytes: [0m
[0;32mI (8248) uart_Test: Received 5 bytes: [0m
[0;32mI (8348) uart_Test: Received 5 bytes: [0m
[0;32mI (8448) uart_Test: Received 5 bytes: [0m
[0;32mI (8548) uart_Test: Received 12 bytes: ce	ï¿½
