ets Jun  8 2016 00:22:57

rst:0x1 (POWERON_RESET),boot:0x13 (SPI_FAST_FLASH_BOOT)
configsip: 0, SPIWP:0xee
clk_drv:0x00,q_drv:0x00,d_drv:0x00,cs0_drv:0x00,hd_drv:0x00,wp_drv:0x00
mode:DIO, clock div:2
load:0x3fff0030,len:7172
load:0x40078000,len:15532
load:0x40080400,len:4
load:0x40080404,len:3904
entry 0x40080640
[0;32mI (29) boot: ESP-IDF v5.2 2nd stage bootloader[0m
[0;32mI (29) boot: compile time Jan 23 2025 03:09:07[0m
[0;32mI (29) boot: Multicore bootloader[0m
[0;32mI (33) boot: chip revision: v1.1[0m
[0;32mI (37) boot.esp32: SPI Speed      : 40MHz[0m
[0;32mI (41) boot.esp32: SPI Mode       : DIO[0m
[0;32mI (46) boot.esp32: SPI Flash Size : 2MB[0m
[0;32mI (50) boot: Enabling RNG early entropy source...[0m
[0;32mI (56) boot: Partition Table:[0m
[0;32mI (59) boot: ## Label            Usage          Type ST Offset   Length[0m
[0;32mI (67) boot:  0 nvs              WiFi data        01 02 00009000 00006000[0m
[0;32mI (74) boot:  1 phy_init         RF data          01 01 0000f000 00001000[0m
[0;32mI (81) boot:  2 factory    y app      00 00 00010000 00100000[0m
[0;32mI (89) boot: End of partition table[0m
[0;32mI (93) esp_image: segment 0: paddr=00010020 vaddr=3f400020 size=23604h (144900) map[0m
[0;32mI (151) esp_image: segment 1: paddr=0003362c vaddr=3ffb0000 size=03bech ( 15340) load[0m
[0;32mI (157) esp_image: segment 2: paddr=00037220 vaddr=40080000 size=08df8h ( 36344) load[0m
[0;32mI (172) esp_image: segment 3: paddr=00040020 vaddr=400d0020 size=852dch (545500) map[0m
[0;32mI (359) esp_image: segment 4: paddr=000c5304 vaddr=40088df8 size=0e7c0h ( 59328) load[0m
[0;32mI (394) boot: Loaded app from partition at offset 0x10000[0m
[0;32mI (394) boot: Disabling RNG early entropy source...[0m
[0;32mI (406) cpu_start: Multicore app[0m
[0;32mI (414) cpu_start: Pro cpu start user code[0m
[0;32mI (414) cpu_start: cpu freq: 160000000 Hz[0m
[0;32mI (415) cpu_start: Application information:[0m
[0;32mI (417) cpu_start: Project name:     test[0m
[0;32mI (422) cpu_start: App version:      1[0m
[0;32mI (427) cpu_start: Compile time:     Jan 23 2025 03:09:00[0m
[0;32mI (433) cpu_start: ELF file SHA256:  17ff8891b...[0m
[0;32mI (438) cpu_start: ESP-IDF:          v5.2[0m
[0;32mI (443) cpu_start: Min chip rev:     v0.0[0m
[0;32mI (447) cpu_start: Max chip rev:     v3.99 [0m
[0;32mI (452) cpu_start: Chip rev:         v1.1[0m
[0;32mI (457) heap_init: Initializing. RAM available for dynamic allocation:[0m
[0;32mI (464) heap_init: At 3FFAE6E0 len 00001920 (6 KiB): DRAM[0m
[0;32mI (470) heap_init: At 3FFB7D00 len 00028300 (160 KiB): DRAM[0m
[0;32mI (477) heap_init: At 3FFE0440 len 00003AE0 (14 KiB): D/IRAM[0m
[0;32mI (483) heap_init: At 3FFE4350 len 0001BCB0 (111 KiB): D/IRAM[0m
[0;32mI (489) heap_init: At 400975B8 len 00008A48 (34 KiB): IRAM[0m
[0;32mI (497) spi_flash: detected chip: generic[0m
[0;32mI (500) spi_flash: flash io: dio[0m
[0;33mW (504) spi_flash: Detected size(4096k) larger than the size in the binary image header(2048k). Using the size in the binary image header.[0m
[0;32mI (518) main_task: Started on CPU0[0m
[0;32mI (528) main_task: Calling app_main()[0m
[0;32mI (568) wifi:wifi driver task: 3ffbfc78, prio:23, stack:6656, core=0[0m
[0;32mI (578) wifi:wifi firmware version: cc1dd81[0m
[0;32mI (578) wifi:wifi certification version: v7.0[0m
[0;32mI (588) wifi:config NVS flash: enabled[0m
[0;32mI (588) wifi:config nano formating: disabled[0m
[0;32mI (588) wifi:Init data frame dynamic rx buffer num: 32[0m
[0;32mI (588) wifi:Init static rx mgmt buffer num: 5[0m
[0;32mI (598) wifi:Init management short buffer num: 32[0m
[0;32mI (598) wifi:Init dynamic tx buffer num: 32[0m
[0;32mI (608) wifi:Init static rx buffer size: 1600[0m
[0;32mI (608) wifi:Init static rx buffer num: 10[0m
[0;32mI (608) wifi:Init dynamic rx buffer num: 32[0m
[0;32mI (618) wifi_init: rx ba win: 6[0m
[0;32mI (618) wifi_init: tcpip mbox: 32[0m
[0;32mI (628) wifi_init: udp mbox: 6[0m
[0;32mI (628) wifi_init: tcp mbox: 6[0m
[0;32mI (628) wifi_init: tcp tx win: 5760[0m
[0;32mI (638) wifi_init: tcp rx win: 5760[0m
[0;32mI (638) wifi_init: tcp mss: 1440[0m
[0;32mI (648) wifi_init: WiFi IRAM OP enabled[0m
[0;32mI (648) wifi_init: WiFi RX IRAM OP enabled[0m
[0;32mI (658) phy_init: phy_version 4791,2c4672b,Dec 20 2023,16:06:06[0m
[0;32mI (738) wifi:mode : sta (f8:b3:b7:7f:23:38)[0m
[0;32mI (738) wifi:enable tsf[0m
[0;32mI (738) TCP_SERVER: Connecting to Wifi...[0m
[1;31mE (738) wifi:sta is connecting, return error[0m
[0;32mI (758) wifi:new:<1,0>, old:<1,0>, ap:<255,255>, sta:<1,0>, prof:1[0m
[0;32mI (758) wifi:state: init -> auth (b0)[0m
[0;32mI (818) wifi:state: auth -> init (1c0)[0m
[0;32mI (818) wifi:new:<1,0>, old:<1,0>, ap:<255,255>, sta:<1,0>, prof:1[0m
[0;32mI (1738) TCP_SERVER: Connected to WiFi[0m
[0;32mI (1738) TCP_SERVER: IP Address: 0.0.0.0[0m
[0;32mI (1738) TCP_SERVER: TCP server started, listening on port 80[0m
[0;32mI (1738) uart_Test: failed to receive something[0m
[0;32mI (1848) uart_Test: Received 10 bytes: [0m
[0;32mI (1948) uart_Test: Received 8 bytes: [0m
[0;32mI (2048) uart_Test: Received 10 bytes: ï¿½
[0;32mI (2148) uart_Test: Received 8 bytes: [0m
[0;32mI (2248) uart_Test: Received 10 bytes: [0m
[0;32mI (2348) uart_Test: Received 8 bytes: [0m
[0;32mI (2448) uart_Test: Received 10 bytes: [0m
[0;32mI (2548) uart_Test: Received 10 bytes: [0m
[0;32mI (2648) uart_Test: Received 14 bytes: -[0m
[0;32mI (2748) uart_Test: Received 12 bytes: ï¿½
[0;32mI (2848) uart_Test: Received 12 bytes: [0m
[0;32mI (2948) uart_Test: Received 11 bytes: ï¿½
[0;32mI (3048) uart_Test: Received 12 bytes: ï¿½
[0;32mI (3148) uart_Test: Received 12 bytes: @[0m
[0;32mI (3248) uart_Test: Received 13 bytes: ï¿½
[0;32mI (3348) uart_Test: Received 13 bytes: [0m
[0;32mI (3448) uart_Test: Received 12 bytes: [0m
[0;32mI (3548) uart_Test: Received 10 bytes: [0m
[0;32mI (3648) uart_Test: Received 10 bytes: [0m
[0;32mI (3748) uart_Test: Received 11 bytes: ï¿½[0m
[0;32mI (3848) uart_Test: Received 14 bytes: 
[0m
[0;32mI (3948) uart_Test: Received 8 bytes: ï¿½ï¿½[0m
[0;32mI (4048) uart_Test: Received 12 bytes: RX Data: 0
[0m
[0;32mI (4148) uart_Test: failed to receive something[0m
[0;32mI (4248) uart_Test: failed to receive something[0m
[0;32mI (4348) uart_Test: failed to receive something[0m
[0;32mI (4448) uart_Test: failed to receive something[0m
[0;32mI (4548) uart_Test: failed to receive something[0m
[0;32mI (4648) uart_Test: failed to receive something[0m
[0;32mI (4748) uart_Test: failed to receive something[0m
[0;32mI (4848) uart_Test: failed to receive something[0m
[0;32mI (4948) uart_Test: failed to receive something[0m
[0;32mI (5048) uart_Test: Received 1 bytes: 1[0m
[0;32mI (5148) uart_Test: failed to receive something[0m
[0;32mI (5248) uart_Test: failed to receive something[0m
[0;32mI (5348) uart_Test: failed to receive something[0m
[0;32mI (5448) uart_Test: failed to receive something[0m
[0;32mI (5548) uart_Test: Received 1 bytes: 1[0m
[0;32mI (5648) uart_Test: failed to receive something[0m
[0;32mI (5748) uart_Test: failed to receive something[0m
[0;32mI (5848) uart_Test: failed to receive something[0m
[0;32mI (5948) uart_Test: failed to receive something[0m
[0;32mI (6048) uart_Test: Received 1 bytes: 1[0m
[0;32mI (6148) uart_Test: failed to receive something[0m
[0;32mI (6248) uart_Test: failed to receive something[0m
[0;32mI (6348) uart_Test: failed to receive something[0m
